// Jest Snapshot v1, https://goo.gl/fbAQLP

exports[`render the home page 1`] = `
<div
  className="quote"
>
  <h2>
    Greeting, fellow
  </h2>
  <p>
    A react app developed to do some calculations with. Use it!
  </p>
  <p>
    This project was made in order to test my abilities as a developer.
  </p>
  <p>
    Take a look at the Github repository in the link below.
  </p>
  <a
    href="https://github.com/Jarfsoft/react_calculator"
    rel="noreferrer"
    target="_blank"
  >
    Juan Raudales
  </a>
</div>
`;
